Invalid Union. Expected at least one member.,
Invalid Union. Expected at least one member.