Invalid Category Output. '' not defined or not an Output type.
Invalid Category. Expected output type.
Invalid Schema. Expected no more text.