Invalid Dual Parent. Type kind mismatch for Bad. Found Output.