Invalid Dual Parent. Args mismatch, expected 0 given 1.