Invalid Dual Field. Type kind mismatch for Bad. Found Output.